../Drivers/STM32F4xx_HAL_Driver/Inc/stm32f4xx_ll_usart.h:1792:26:LL_USART_IsActiveFlag_RXNE	16	static
../Drivers/STM32F4xx_HAL_Driver/Inc/stm32f4xx_ll_usart.h:1803:26:LL_USART_IsActiveFlag_TC	16	static
../Drivers/STM32F4xx_HAL_Driver/Inc/stm32f4xx_ll_usart.h:1814:26:LL_USART_IsActiveFlag_TXE	16	static
../Drivers/STM32F4xx_HAL_Driver/Inc/stm32f4xx_ll_usart.h:2035:22:LL_USART_EnableIT_RXNE	40	static,ignoring_inline_asm
../Drivers/STM32F4xx_HAL_Driver/Inc/stm32f4xx_ll_usart.h:2403:25:LL_USART_ReceiveData8	16	static
../Drivers/STM32F4xx_HAL_Driver/Inc/stm32f4xx_ll_usart.h:2426:22:LL_USART_TransmitData8	16	static
../Lib/atc-master/atc.c:15:7:atc_alloc	16	static
../Lib/atc-master/atc.c:24:6:atc_free	16	static
../Lib/atc-master/atc.c:33:6:atc_init	24	static
../Lib/atc-master/atc.c:46:6:atc_lock	24	static
../Lib/atc-master/atc.c:66:6:atc_unlock	16	static
../Lib/atc-master/atc.c:71:6:atc_transmit	32	static
../Lib/atc-master/atc.c:83:6:atc_rxCallback	24	static
../Lib/atc-master/atc.c:106:6:atc_search	24	static
../Lib/atc-master/atc.c:121:7:atc_searchAnswer	32	static
../Lib/atc-master/atc.c:143:6:atc_empty	16	static
../Lib/atc-master/atc.c:149:6:atc_available	16	static
../Lib/atc-master/atc.c:156:6:atc_addSearch	24	static
../Lib/atc-master/atc.c:175:8:atc_command	56	static
../Lib/atc-master/atc.c:229:6:atc_loop	16	static
