../Lib/gsm_v5-master/gsm.c:6:6:gsm_found	32	static
../Lib/gsm_v5-master/gsm.c:141:6:gsm_init_commands	24	static
../Lib/gsm_v5-master/gsm.c:167:6:gsm_lock	24	static
../Lib/gsm_v5-master/gsm.c:182:6:gsm_unlock	4	static
../Lib/gsm_v5-master/gsm.c:187:6:gsm_init	8	static
../Lib/gsm_v5-master/gsm.c:232:6:gsm_loop	112	static
../Lib/gsm_v5-master/gsm.c:485:6:gsm_power	40	static
../Lib/gsm_v5-master/gsm.c:568:6:gsm_registered	4	static
../Lib/gsm_v5-master/gsm.c:573:6:gsm_setDefault	24	static
../Lib/gsm_v5-master/gsm.c:591:6:gsm_saveProfile	24	static
../Lib/gsm_v5-master/gsm.c:609:6:gsm_enterPinPuk	64	static
../Lib/gsm_v5-master/gsm.c:634:6:gsm_getIMEI	64	static
../Lib/gsm_v5-master/gsm.c:664:6:gsm_getVersion	88	dynamic
../Lib/gsm_v5-master/gsm.c:696:6:gsm_getModel	88	dynamic
../Lib/gsm_v5-master/gsm.c:728:6:gsm_getServiceProviderName	88	dynamic
../Lib/gsm_v5-master/gsm.c:760:9:gsm_getSignalQuality_0_to_100	64	static
../Lib/gsm_v5-master/gsm.c:790:6:gsm_waitForRegister	24	static
../Lib/gsm_v5-master/gsm.c:815:6:gsm_tonePlay	64	static
../Lib/gsm_v5-master/gsm.c:842:6:gsm_toneStop	24	static
../Lib/gsm_v5-master/gsm.c:860:6:gsm_dtmf	64	static
../Lib/gsm_v5-master/gsm.c:880:6:gsm_ussd	104	dynamic
